
> nx run digitaldefiance-node-express-suite:test

digitaldefiance-node-express-suite:  PASS  tests/services/user.email-token.spec.ts (16.221 s)
digitaldefiance-node-express-suite:  PASS  tests/services/user.findUser.spec.ts (16.739 s)
digitaldefiance-node-express-suite:  PASS  tests/services/key-wrapping.spec.ts (17.857 s)
digitaldefiance-node-express-suite:  PASS  tests/services/user.login.spec.ts (17.515 s)
digitaldefiance-node-express-suite:  PASS  tests/middlewares/authenticate-token.spec.ts (17.618 s)
digitaldefiance-node-express-suite:  PASS  tests/environment.spec.ts (18.513 s)
digitaldefiance-node-express-suite:  PASS  tests/integration/refactor-integration.spec.ts (19.732 s)
digitaldefiance-node-express-suite:  PASS  tests/builders/application-builder.spec.ts (20.022 s)
digitaldefiance-node-express-suite:  PASS  tests/index-exports.spec.ts (21.299 s)
digitaldefiance-node-express-suite:  PASS  tests/routers/api-router.spec.ts (22.255 s)
digitaldefiance-node-express-suite:  PASS  tests/services/mnemonic.spec.ts (23.421 s)
digitaldefiance-node-express-suite:  PASS  tests/model-registry.spec.ts (5.839 s)
digitaldefiance-node-express-suite:  PASS  tests/utils/get-language.spec.ts (6.727 s)
digitaldefiance-node-express-suite:  PASS  tests/middlewares/authenticate-token-errors.spec.ts (9.573 s)
digitaldefiance-node-express-suite:  PASS  tests/services/auth-unit.spec.ts (8.61 s)
digitaldefiance-node-express-suite:  PASS  tests/controllers/base-controller.spec.ts (8.735 s)
digitaldefiance-node-express-suite:  PASS  tests/middlewares/authenticate-crypto.spec.ts (9.927 s)
digitaldefiance-node-express-suite:  PASS  tests/services/jwt.spec.ts (7.416 s)
digitaldefiance-node-express-suite:  PASS  tests/services/request-user.spec.ts (7.14 s)
digitaldefiance-node-express-suite:  PASS  tests/application-base.spec.ts (7.554 s)
digitaldefiance-node-express-suite:  PASS  tests/services/fec.spec.ts
digitaldefiance-node-express-suite:  PASS  tests/backup-code.spec.ts
digitaldefiance-node-express-suite:  PASS  tests/errors/errors.spec.ts
digitaldefiance-node-express-suite:  PASS  tests/constants.spec.ts
digitaldefiance-node-express-suite:  PASS  tests/services/symmetric.spec.ts (7.656 s)
digitaldefiance-node-express-suite:  PASS  tests/services/checksum.spec.ts
digitaldefiance-node-express-suite:  PASS  tests/services/direct-login-token.spec.ts (6.873 s)
digitaldefiance-node-express-suite:  PASS  tests/utils/utils.spec.ts (5.973 s)
digitaldefiance-node-express-suite:  PASS  tests/schemas/role.spec.ts
digitaldefiance-node-express-suite:  PASS  tests/services/backup-code.spec.ts
digitaldefiance-node-express-suite:  PASS  tests/decorators/zod-validation.spec.ts
digitaldefiance-node-express-suite:  PASS  tests/services/crc.spec.ts
digitaldefiance-node-express-suite:  PASS  tests/defaults.spec.ts
digitaldefiance-node-express-suite:  PASS  tests/models/role.spec.ts
digitaldefiance-node-express-suite:  PASS  tests/validation/validation-builder.spec.ts
digitaldefiance-node-express-suite:  PASS  tests/routers/base-router.spec.ts
digitaldefiance-node-express-suite:  PASS  tests/plugins/plugin-manager.spec.ts
digitaldefiance-node-express-suite:  PASS  tests/responses/response-builder.spec.ts
digitaldefiance-node-express-suite:  PASS  tests/registry/email-service-registry.spec.ts
digitaldefiance-node-express-suite:  PASS  tests/transactions/transaction-manager.spec.ts
digitaldefiance-node-express-suite:  PASS  tests/decorators/controller.spec.ts
digitaldefiance-node-express-suite:  PASS  tests/types.spec.ts
digitaldefiance-node-express-suite:  PASS  tests/middlewares/set-global-context-language.spec.ts
digitaldefiance-node-express-suite:  PASS  tests/middlewares.spec.ts
digitaldefiance-node-express-suite:  PASS  tests/utils/get-timezone.spec.ts
digitaldefiance-node-express-suite:  PASS  tests/enumerations/enumerations.spec.ts
digitaldefiance-node-express-suite:  PASS  tests/services/xor.spec.ts
digitaldefiance-node-express-suite:  PASS  tests/middlewares/cleanup-crypto.spec.ts
digitaldefiance-node-express-suite:  PASS  tests/pipeline/pipeline-builder.spec.ts
digitaldefiance-node-express-suite:  PASS  tests/container/service-container.spec.ts
digitaldefiance-node-express-suite:  PASS  tests/services/database-initialization.spec.ts
digitaldefiance-node-express-suite: Test Suites: 51 passed, 51 total
digitaldefiance-node-express-suite: Tests:       604 passed, 604 total
digitaldefiance-node-express-suite: Snapshots:   0 total
digitaldefiance-node-express-suite: Time:        41.244 s, estimated 68 s
digitaldefiance-node-express-suite: Ran all test suites.



 NX   Successfully ran target test for project digitaldefiance-node-express-suite


